Turbo Assembler	 Version 4.1	    02/12/25 20:09:28	    Page 1
arcarv.asm



      1	0000			     .model tiny
      2	0000			     .code
      3				     .186
      4				     org 100h
      5
      6	0100			     .code
      7	0100			     getarg:
      8	0100  BE 0080			 mov SI, 80h
      9	0103  8A 14			 mov dl, [SI]
     10	0105  B8 0200			 mov AX, 0200h
     11	0108  CD 21			     int 21h
     12	010A  B8 4C00			     mov ax, 4c00h
     13	010D  CD 21			     int 21h
     14
     15				     end getarg
Turbo Assembler	 Version 4.1	    02/12/25 20:09:28	    Page 2
Symbol Table




Symbol Name			  Type	 Value

??DATE				  Text	 "02/12/25"
??FILENAME			  Text	 "arcarv  "
??TIME				  Text	 "20:09:28"
??VERSION			  Number 040A
@32BIT				  Text	 0
@CODE				  Text	 DGROUP
@CODESIZE			  Text	 0
@CPU				  Text	 0103H
@CURSEG				  Text	 _TEXT
@DATA				  Text	 DGROUP
@DATASIZE			  Text	 0
@FILENAME			  Text	 ARCARV
@INTERFACE			  Text	 000H
@MODEL				  Text	 1
@STACK				  Text	 DGROUP
@WORDSIZE			  Text	 2
GETARG				  Near	 DGROUP:0100

Groups & Segments		  Bit Size Align  Combine Class

DGROUP				  Group
  _DATA				  16  0000 Word	  Public  DATA
  _TEXT				  16  010F Word	  Public  CODE
